C51 COMPILER V9.05   UTIL                                                                  02/21/2022 13:11:14 PAGE 1   


C51 COMPILER V9.05, COMPILATION OF MODULE UTIL
OBJECT MODULE PLACED IN Util.OBJ
COMPILER INVOKED BY: C:\Keil\C51\BIN\C51.EXE Util.c LARGE ROM(COMPACT) BROWSE DEBUG OBJECTEXTEND TABS(2)

line level    source

   1          #include  "Global.h"
   2          
   3          
   4          uchr Interval_Time,Sensor1_Reg1,Sensor1_cnt,Sensor1_Reg,Sensor1_Reg_Old;
   5           
   6          bit _Key,_Ion_Touch;
   7          #define Interval_Time_Ini 1
   8          
   9          
  10          void Mode_Proc(void)//100ms
  11          {
  12   1        ////////////////////////////////////////////////////////////////////////////////////
  13   1        //time over
  14   1        if(Mode==50)
  15   1        {
  16   2          pFAN_1=0;pFAN_2=1;Fan_Mode=0;
  17   2          pFan_Led_1=0;pFan_Led_2=0;
  18   2          pPower_Led=0;pLed_En=0;pFan_En=0;pFan_Off=0;
  19   2          Buzzer_Cnt=0;Sens_F=0;Key_Bit=1;
  20   2          //play_a_voice(16);
  21   2          if(Voice_Stop)//무음일때
  22   2          {
  23   3            play_a_voice(18);
  24   3          }
  25   2          else if(!Voice_Stop)//무음 아닐때 
  26   2          {
  27   3            play_a_voice(16);
  28   3          } 
  29   2          Mode++;Off_Cnt=0;
  30   2          S_Cnt=0;S_Cnt_Interval=0;Mode_Interval=0;
  31   2        }
  32   1        else if(Mode==51&&++Off_Cnt>=40)//20)
  33   1        {
  34   2          pPower_On=0;
  35   2          while(1);
  36   2        } 
  37   1        
  38   1        //////////////////////////////////////////////////////////////////////////////////
  39   1        //lowbatt
  40   1        if(Mode==70)
  41   1        {
  42   2          if(Mode_Step==0) 
  43   2          {
  44   3            pFAN_1=0;pFAN_2=1;Fan_Mode=0;
  45   3            pFan_Led_1=0;pFan_Led_2=0;
  46   3            pPower_Led=0;pLed_En=0;pFan_En=0;pFan_Off=0;
  47   3            Buzzer_Cnt=0;Sens_F=0;Key_Bit=1;
  48   3            //play_a_voice(5);
  49   3            if(Voice_Stop)//무음일때
  50   3            {
  51   4              play_a_voice(18);
  52   4            }
  53   3            else if(!Voice_Stop)//무음 아닐때 
  54   3            {
  55   4              play_a_voice(5);
C51 COMPILER V9.05   UTIL                                                                  02/21/2022 13:11:14 PAGE 2   

  56   4            } 
  57   3            Mode_Step++;Off_Cnt=0;
  58   3            S_Cnt=0;S_Cnt_Interval=0;Mode_Interval=0;
  59   3            Wink_Reg=0;r100mS_Cnt=0;
  60   3          }
  61   2          else if(Mode_Step==1)
  62   2          {
  63   3            if(_Wink)//wink 동작 시 중간 리셋 부분에 led 동작 이상 
  64   3            {
  65   4              pFan_Led_1=1;
  66   4              pFan_Led_2=1;
  67   4              pPower_Led=1;
  68   4            }
  69   3            else
  70   3            {
  71   4              pFan_Led_1=0;
  72   4              pFan_Led_2=0;
  73   4              pPower_Led=0;
  74   4              if(++Off_Cnt>=15)
  75   4              {
  76   5                pPower_On=0;
  77   5                while(1);
  78   5              }
  79   4            }
  80   3            
  81   3          }
  82   2        }
  83   1        ///////////////////////////////////////////////////////
  84   1        //모자 미착용 종료
  85   1        if(Mode==80)
  86   1        {
  87   2          pFAN_1=0;pFAN_2=1;Fan_Mode=0;
  88   2          pFan_Led_1=0;pFan_Led_2=0;
  89   2          pPower_Led=0;pLed_En=0;pFan_En=0;pFan_Off=0;
  90   2          Buzzer_Cnt=0;Sens_F=0;Key_Bit=1;
  91   2          //play_a_voice(16);
  92   2          Mode++;Off_Cnt=0;
  93   2          S_Cnt=0;S_Cnt_Interval=0;Mode_Interval=0;
  94   2        }
  95   1        else if(Mode==81&&++Off_Cnt>=40)//25)
  96   1        {
  97   2          pPower_On=0;
  98   2          while(1);
  99   2        } 
 100   1        ///////////////////////////////////////////////////////////////////////////////////
 101   1        //end 
 102   1        if(Mode==100)
 103   1        {
 104   2          pFAN_1=0;pFAN_2=1;Fan_Mode=0;
 105   2          pFan_Led_1=0;pFan_Led_2=0;
 106   2          pPower_Led=0;pLed_En=0;pFan_En=0;pFan_Off=0;
 107   2          Buzzer_Cnt=0;Sens_F=0;Key_Bit=1;
 108   2          //play_a_voice(3);
 109   2          if(Voice_Stop)//무음일때
 110   2            {
 111   3              play_a_voice(18);
 112   3              Mode=102;
 113   3            }
 114   2            else if(!Voice_Stop)//무음 아닐때 
 115   2            {
 116   3              play_a_voice(3);
 117   3              Mode++;Off_Cnt=0;
C51 COMPILER V9.05   UTIL                                                                  02/21/2022 13:11:14 PAGE 3   

 118   3              S_Cnt=0;S_Cnt_Interval=0;Mode_Interval=0;
 119   3            } 
 120   2          //Mode++;Off_Cnt=0;
 121   2          //S_Cnt=0;S_Cnt_Interval=0;Mode_Interval=0;
 122   2        }
 123   1        else if(Mode==101&&++Off_Cnt>=30)//15)
 124   1        {
 125   2          pPower_On=0;
 126   2          while(1);
 127   2        }
 128   1        else if(Mode==102&&++Off_Cnt>=10)//15)
 129   1        {
 130   2          pPower_On=0;
 131   2          while(1);
 132   2        }
 133   1        
 134   1        
 135   1        
 136   1      }
 137          
 138          
 139          
 140          
 141          


MODULE INFORMATION:   STATIC OVERLAYABLE
   CODE SIZE        =    497    ----
   CONSTANT SIZE    =   ----    ----
   XDATA SIZE       =      5    ----
   PDATA SIZE       =   ----    ----
   DATA SIZE        =   ----    ----
   IDATA SIZE       =   ----    ----
   BIT SIZE         =      2    ----
END OF MODULE INFORMATION.


C51 COMPILATION COMPLETE.  0 WARNING(S),  0 ERROR(S)
